# Test cases for print_square function

# Import the function
>>> print_square = __import__('4-print_square').print_square

# Test with size 4
>>> print_square(4)
####
####
####
####

# Test with size 10
>>> print_square(10)
##########
##########
##########
##########
##########
##########
##########
##########
##########
##########

# Test with size 0
>>> print_square(0)

# Test with size 1
>>> print_square(1)
#

# Test with negative size
>>> print_square(-1)
Traceback (most recent call last):
    ...
ValueError: size must be >= 0

# Test with float
>>> print_square(4.5)
Traceback (most recent call last):
    ...
TypeError: size must be an integer

# Test with string
>>> print_square("4")
Traceback (most recent call last):
    ...
TypeError: size must be an integer

# Test with None
>>> print_square(None)
Traceback (most recent call last):
    ...
TypeError: size must be an integer

# Test with very large number
>>> print_square(100000000)

# Test with negative float
>>> print_square(-4.5)
Traceback (most recent call last):
    ...
TypeError: size must be an integer
